violation type: Vertical congestion
	srcs: net:RV_TO_DAC\[7\]
	comment: capacity:0 usage:1 overflow:1
	bbox = (1193.7000, 117.3000) - (1200.6000, 124.2000) on Layer -
violation type: Vertical congestion
	srcs: net:RV_TO_DAC\[7\]
	comment: capacity:0 usage:1 overflow:1
	bbox = (1193.7000, 124.2000) - (1200.6000, 131.1000) on Layer -
violation type: Vertical congestion
	srcs: net:RV_TO_DAC\[7\]
	comment: capacity:0 usage:1 overflow:1
	bbox = (1193.7000, 131.1000) - (1200.6000, 138.0000) on Layer -
violation type: Vertical congestion
	srcs: net:RV_TO_DAC\[7\]
	comment: capacity:0 usage:1 overflow:1
	bbox = (1193.7000, 138.0000) - (1200.6000, 144.9000) on Layer -
violation type: Vertical congestion
	srcs: net:RV_TO_DAC\[7\]
	comment: capacity:0 usage:1 overflow:1
	bbox = (1193.7000, 144.9000) - (1200.6000, 151.8000) on Layer -
violation type: Vertical congestion
	srcs: net:RV_TO_DAC\[7\]
	comment: capacity:0 usage:1 overflow:1
	bbox = (1193.7000, 151.8000) - (1200.6000, 158.7000) on Layer -
violation type: Vertical congestion
	srcs: net:RV_TO_DAC\[7\]
	comment: capacity:0 usage:1 overflow:1
	bbox = (1193.7000, 158.7000) - (1200.6000, 165.6000) on Layer -
violation type: Vertical congestion
	srcs: net:RV_TO_DAC\[7\]
	comment: capacity:0 usage:1 overflow:1
	bbox = (1193.7000, 165.6000) - (1200.6000, 172.5000) on Layer -
violation type: Vertical congestion
	srcs: net:RV_TO_DAC\[7\]
	comment: capacity:0 usage:1 overflow:1
	bbox = (1193.7000, 172.5000) - (1200.6000, 179.4000) on Layer -
violation type: Vertical congestion
	srcs: net:RV_TO_DAC\[7\]
	comment: capacity:0 usage:1 overflow:1
	bbox = (1193.7000, 179.4000) - (1200.6000, 186.3000) on Layer -
violation type: Vertical congestion
	srcs: net:RV_TO_DAC\[7\]
	comment: capacity:0 usage:1 overflow:1
	bbox = (1193.7000, 186.3000) - (1200.6000, 193.2000) on Layer -
violation type: Vertical congestion
	srcs: net:RV_TO_DAC\[7\]
	comment: capacity:0 usage:1 overflow:1
	bbox = (1193.7000, 193.2000) - (1200.6000, 200.1000) on Layer -
violation type: Vertical congestion
	srcs: net:RV_TO_DAC\[7\]
	comment: capacity:0 usage:1 overflow:1
	bbox = (1193.7000, 200.1000) - (1200.6000, 207.0000) on Layer -
violation type: Vertical congestion
	srcs: net:RV_TO_DAC\[7\]
	comment: capacity:0 usage:1 overflow:1
	bbox = (1193.7000, 207.0000) - (1200.6000, 213.9000) on Layer -
violation type: Vertical congestion
	srcs: net:RV_TO_DAC\[7\]
	comment: capacity:0 usage:1 overflow:1
	bbox = (1193.7000, 213.9000) - (1200.6000, 220.8000) on Layer -
violation type: Vertical congestion
	srcs: net:RV_TO_DAC\[7\]
	comment: capacity:0 usage:1 overflow:1
	bbox = (1193.7000, 220.8000) - (1200.6000, 227.7000) on Layer -
violation type: Vertical congestion
	srcs: net:RV_TO_DAC\[7\]
	comment: capacity:0 usage:1 overflow:1
	bbox = (1193.7000, 227.7000) - (1200.6000, 234.6000) on Layer -
violation type: Vertical congestion
	srcs: net:RV_TO_DAC\[7\]
	comment: capacity:0 usage:1 overflow:1
	bbox = (1193.7000, 234.6000) - (1200.6000, 241.5000) on Layer -
violation type: Vertical congestion
	srcs: net:RV_TO_DAC\[7\]
	comment: capacity:0 usage:1 overflow:1
	bbox = (1193.7000, 241.5000) - (1200.6000, 248.4000) on Layer -
violation type: Vertical congestion
	srcs: net:RV_TO_DAC\[7\]
	comment: capacity:0 usage:1 overflow:1
	bbox = (1193.7000, 248.4000) - (1200.6000, 255.3000) on Layer -
violation type: Vertical congestion
	srcs: net:RV_TO_DAC\[7\]
	comment: capacity:0 usage:1 overflow:1
	bbox = (1193.7000, 255.3000) - (1200.6000, 262.2000) on Layer -
violation type: Vertical congestion
	srcs: net:RV_TO_DAC\[7\]
	comment: capacity:0 usage:1 overflow:1
	bbox = (1193.7000, 262.2000) - (1200.6000, 269.1000) on Layer -
violation type: Vertical congestion
	srcs: net:RV_TO_DAC\[7\]
	comment: capacity:0 usage:1 overflow:1
	bbox = (1193.7000, 269.1000) - (1200.6000, 276.0000) on Layer -
violation type: Vertical congestion
	srcs: net:RV_TO_DAC\[7\]
	comment: capacity:0 usage:1 overflow:1
	bbox = (1193.7000, 276.0000) - (1200.6000, 282.9000) on Layer -
violation type: Vertical congestion
	srcs: net:RV_TO_DAC\[7\]
	comment: capacity:0 usage:1 overflow:1
	bbox = (1193.7000, 282.9000) - (1200.6000, 289.8000) on Layer -
violation type: Vertical congestion
	srcs: net:RV_TO_DAC\[7\]
	comment: capacity:0 usage:1 overflow:1
	bbox = (1193.7000, 289.8000) - (1200.6000, 296.7000) on Layer -
violation type: Vertical congestion
	srcs: net:RV_TO_DAC\[7\]
	comment: capacity:0 usage:1 overflow:1
	bbox = (1193.7000, 296.7000) - (1200.6000, 303.6000) on Layer -
violation type: Vertical congestion
	srcs: net:RV_TO_DAC\[7\]
	comment: capacity:0 usage:1 overflow:1
	bbox = (1193.7000, 303.6000) - (1200.6000, 310.5000) on Layer -
violation type: Vertical congestion
	srcs: net:RV_TO_DAC\[7\]
	comment: capacity:0 usage:1 overflow:1
	bbox = (1193.7000, 310.5000) - (1200.6000, 317.4000) on Layer -
violation type: Vertical congestion
	srcs: net:RV_TO_DAC\[7\]
	comment: capacity:0 usage:1 overflow:1
	bbox = (1193.7000, 317.4000) - (1200.6000, 324.3000) on Layer -
violation type: Vertical congestion
	srcs: net:RV_TO_DAC\[7\]
	comment: capacity:0 usage:1 overflow:1
	bbox = (1193.7000, 324.3000) - (1200.6000, 331.2000) on Layer -
violation type: Vertical congestion
	srcs: net:RV_TO_DAC\[7\]
	comment: capacity:0 usage:1 overflow:1
	bbox = (1193.7000, 331.2000) - (1200.6000, 338.1000) on Layer -
violation type: Vertical congestion
	srcs: net:RV_TO_DAC\[7\]
	comment: capacity:0 usage:1 overflow:1
	bbox = (1193.7000, 338.1000) - (1200.6000, 345.0000) on Layer -
violation type: Vertical congestion
	srcs: net:RV_TO_DAC\[7\]
	comment: capacity:0 usage:1 overflow:1
	bbox = (1193.7000, 345.0000) - (1200.6000, 351.9000) on Layer -
violation type: Vertical congestion
	srcs: net:RV_TO_DAC\[7\]
	comment: capacity:0 usage:1 overflow:1
	bbox = (1193.7000, 351.9000) - (1200.6000, 358.8000) on Layer -
violation type: Vertical congestion
	srcs: net:RV_TO_DAC\[7\]
	comment: capacity:0 usage:1 overflow:1
	bbox = (1193.7000, 358.8000) - (1200.6000, 365.7000) on Layer -
violation type: Vertical congestion
	srcs: net:RV_TO_DAC\[7\]
	comment: capacity:0 usage:1 overflow:1
	bbox = (1193.7000, 365.7000) - (1200.6000, 372.6000) on Layer -
violation type: Vertical congestion
	srcs: net:RV_TO_DAC\[7\]
	comment: capacity:0 usage:1 overflow:1
	bbox = (1193.7000, 372.6000) - (1200.6000, 379.5000) on Layer -
violation type: Vertical congestion
	srcs: net:RV_TO_DAC\[7\]
	comment: capacity:0 usage:1 overflow:1
	bbox = (1193.7000, 379.5000) - (1200.6000, 386.4000) on Layer -
violation type: Vertical congestion
	srcs: net:RV_TO_DAC\[7\]
	comment: capacity:0 usage:1 overflow:1
	bbox = (1193.7000, 386.4000) - (1200.6000, 393.3000) on Layer -
violation type: Vertical congestion
	srcs: net:RV_TO_DAC\[7\]
	comment: capacity:0 usage:1 overflow:1
	bbox = (1193.7000, 393.3000) - (1200.6000, 400.2000) on Layer -
violation type: Vertical congestion
	srcs: net:RV_TO_DAC\[7\]
	comment: capacity:0 usage:1 overflow:1
	bbox = (1193.7000, 400.2000) - (1200.6000, 407.1000) on Layer -
violation type: Vertical congestion
	srcs: net:RV_TO_DAC\[7\]
	comment: capacity:0 usage:1 overflow:1
	bbox = (1193.7000, 407.1000) - (1200.6000, 414.0000) on Layer -
violation type: Vertical congestion
	srcs: net:RV_TO_DAC\[7\]
	comment: capacity:0 usage:1 overflow:1
	bbox = (1193.7000, 414.0000) - (1200.6000, 420.9000) on Layer -
violation type: Vertical congestion
	srcs: net:RV_TO_DAC\[7\]
	comment: capacity:0 usage:1 overflow:1
	bbox = (1193.7000, 420.9000) - (1200.6000, 427.8000) on Layer -
violation type: Vertical congestion
	srcs: net:RV_TO_DAC\[7\]
	comment: capacity:0 usage:1 overflow:1
	bbox = (1193.7000, 427.8000) - (1200.6000, 434.7000) on Layer -
violation type: Vertical congestion
	srcs: net:RV_TO_DAC\[7\]
	comment: capacity:0 usage:1 overflow:1
	bbox = (1193.7000, 434.7000) - (1200.6000, 441.6000) on Layer -
violation type: Vertical congestion
	srcs: net:RV_TO_DAC\[7\]
	comment: capacity:0 usage:1 overflow:1
	bbox = (1193.7000, 441.6000) - (1200.6000, 448.5000) on Layer -
violation type: Vertical congestion
	srcs: net:RV_TO_DAC\[7\]
	comment: capacity:0 usage:1 overflow:1
	bbox = (1193.7000, 448.5000) - (1200.6000, 455.4000) on Layer -
violation type: Vertical congestion
	srcs: net:RV_TO_DAC\[7\]
	comment: capacity:0 usage:1 overflow:1
	bbox = (1193.7000, 455.4000) - (1200.6000, 462.3000) on Layer -
violation type: Vertical congestion
	srcs: net:RV_TO_DAC\[7\]
	comment: capacity:0 usage:1 overflow:1
	bbox = (1193.7000, 462.3000) - (1200.6000, 469.2000) on Layer -
violation type: Vertical congestion
	srcs: net:RV_TO_DAC\[7\]
	comment: capacity:0 usage:1 overflow:1
	bbox = (1193.7000, 469.2000) - (1200.6000, 476.1000) on Layer -
violation type: Vertical congestion
	srcs: net:RV_TO_DAC\[7\]
	comment: capacity:0 usage:1 overflow:1
	bbox = (1193.7000, 476.1000) - (1200.6000, 483.0000) on Layer -
violation type: Vertical congestion
	srcs: net:RV_TO_DAC\[7\]
	comment: capacity:0 usage:1 overflow:1
	bbox = (1193.7000, 483.0000) - (1200.6000, 489.9000) on Layer -
violation type: Vertical congestion
	srcs: net:RV_TO_DAC\[7\]
	comment: capacity:0 usage:1 overflow:1
	bbox = (1193.7000, 489.9000) - (1200.6000, 496.8000) on Layer -
violation type: Vertical congestion
	srcs: net:RV_TO_DAC\[7\]
	comment: capacity:0 usage:1 overflow:1
	bbox = (1193.7000, 496.8000) - (1200.6000, 503.7000) on Layer -
violation type: Vertical congestion
	srcs: net:RV_TO_DAC\[7\]
	comment: capacity:0 usage:1 overflow:1
	bbox = (1193.7000, 503.7000) - (1200.6000, 510.6000) on Layer -
violation type: Vertical congestion
	srcs: net:RV_TO_DAC\[7\]
	comment: capacity:0 usage:1 overflow:1
	bbox = (1193.7000, 510.6000) - (1200.6000, 517.5000) on Layer -
violation type: Vertical congestion
	srcs: net:RV_TO_DAC\[7\]
	comment: capacity:0 usage:1 overflow:1
	bbox = (1193.7000, 517.5000) - (1200.6000, 524.4000) on Layer -
violation type: Vertical congestion
	srcs: net:RV_TO_DAC\[7\]
	comment: capacity:0 usage:1 overflow:1
	bbox = (1193.7000, 524.4000) - (1200.6000, 531.3000) on Layer -
violation type: Vertical congestion
	srcs: net:RV_TO_DAC\[7\]
	comment: capacity:0 usage:1 overflow:1
	bbox = (1193.7000, 531.3000) - (1200.6000, 538.2000) on Layer -
violation type: Vertical congestion
	srcs: net:RV_TO_DAC\[7\]
	comment: capacity:0 usage:1 overflow:1
	bbox = (1193.7000, 538.2000) - (1200.6000, 545.1000) on Layer -
violation type: Vertical congestion
	srcs: net:RV_TO_DAC\[7\]
	comment: capacity:0 usage:1 overflow:1
	bbox = (1193.7000, 545.1000) - (1200.6000, 552.0000) on Layer -
violation type: Vertical congestion
	srcs: net:RV_TO_DAC\[7\]
	comment: capacity:0 usage:1 overflow:1
	bbox = (1193.7000, 552.0000) - (1200.6000, 558.9000) on Layer -
violation type: Vertical congestion
	srcs: net:RV_TO_DAC\[7\]
	comment: capacity:0 usage:1 overflow:1
	bbox = (1193.7000, 558.9000) - (1200.6000, 565.8000) on Layer -
violation type: Vertical congestion
	srcs: net:RV_TO_DAC\[7\]
	comment: capacity:0 usage:1 overflow:1
	bbox = (1193.7000, 565.8000) - (1200.6000, 572.7000) on Layer -
violation type: Vertical congestion
	srcs: net:RV_TO_DAC\[7\]
	comment: capacity:0 usage:1 overflow:1
	bbox = (1193.7000, 572.7000) - (1200.6000, 579.6000) on Layer -
violation type: Vertical congestion
	srcs: net:RV_TO_DAC\[7\]
	comment: capacity:0 usage:1 overflow:1
	bbox = (1193.7000, 579.6000) - (1200.6000, 586.5000) on Layer -
violation type: Vertical congestion
	srcs: net:RV_TO_DAC\[7\]
	comment: capacity:0 usage:1 overflow:1
	bbox = (1193.7000, 586.5000) - (1200.6000, 593.4000) on Layer -
violation type: Vertical congestion
	srcs: net:RV_TO_DAC\[7\]
	comment: capacity:0 usage:1 overflow:1
	bbox = (1193.7000, 593.4000) - (1200.6000, 600.3000) on Layer -
violation type: Vertical congestion
	srcs: net:RV_TO_DAC\[7\]
	comment: capacity:0 usage:1 overflow:1
	bbox = (1193.7000, 600.3000) - (1200.6000, 607.2000) on Layer -
violation type: Vertical congestion
	srcs: net:RV_TO_DAC\[7\]
	comment: capacity:0 usage:1 overflow:1
	bbox = (1193.7000, 607.2000) - (1200.6000, 614.1000) on Layer -
violation type: Vertical congestion
	srcs: net:RV_TO_DAC\[7\]
	comment: capacity:0 usage:1 overflow:1
	bbox = (1193.7000, 614.1000) - (1200.6000, 621.0000) on Layer -
violation type: Vertical congestion
	srcs: net:RV_TO_DAC\[7\]
	comment: capacity:0 usage:1 overflow:1
	bbox = (1193.7000, 621.0000) - (1200.6000, 627.9000) on Layer -
violation type: Vertical congestion
	srcs: net:RV_TO_DAC\[7\]
	comment: capacity:0 usage:1 overflow:1
	bbox = (1193.7000, 627.9000) - (1200.6000, 634.8000) on Layer -
violation type: Vertical congestion
	srcs: net:RV_TO_DAC\[7\]
	comment: capacity:0 usage:1 overflow:1
	bbox = (1193.7000, 634.8000) - (1200.6000, 641.7000) on Layer -
violation type: Vertical congestion
	srcs: net:RV_TO_DAC\[7\]
	comment: capacity:0 usage:1 overflow:1
	bbox = (1193.7000, 641.7000) - (1200.6000, 648.6000) on Layer -
violation type: Vertical congestion
	srcs: net:RV_TO_DAC\[7\]
	comment: capacity:0 usage:1 overflow:1
	bbox = (1193.7000, 648.6000) - (1200.6000, 655.5000) on Layer -
violation type: Vertical congestion
	srcs: net:RV_TO_DAC\[7\]
	comment: capacity:0 usage:1 overflow:1
	bbox = (1193.7000, 655.5000) - (1200.6000, 662.4000) on Layer -
violation type: Vertical congestion
	srcs: net:RV_TO_DAC\[7\]
	comment: capacity:0 usage:1 overflow:1
	bbox = (1193.7000, 662.4000) - (1200.6000, 669.3000) on Layer -
violation type: Vertical congestion
	srcs: net:RV_TO_DAC\[7\]
	comment: capacity:0 usage:1 overflow:1
	bbox = (1193.7000, 669.3000) - (1200.6000, 676.2000) on Layer -
violation type: Vertical congestion
	srcs: net:RV_TO_DAC\[7\]
	comment: capacity:0 usage:1 overflow:1
	bbox = (1193.7000, 676.2000) - (1200.6000, 683.1000) on Layer -
violation type: Vertical congestion
	srcs: net:RV_TO_DAC\[7\]
	comment: capacity:0 usage:1 overflow:1
	bbox = (1193.7000, 683.1000) - (1200.6000, 690.0000) on Layer -
violation type: Vertical congestion
	srcs: net:RV_TO_DAC\[7\]
	comment: capacity:0 usage:1 overflow:1
	bbox = (1193.7000, 690.0000) - (1200.6000, 696.9000) on Layer -
violation type: Vertical congestion
	srcs: net:RV_TO_DAC\[7\]
	comment: capacity:0 usage:1 overflow:1
	bbox = (1193.7000, 696.9000) - (1200.6000, 703.8000) on Layer -
violation type: Vertical congestion
	srcs: net:RV_TO_DAC\[7\]
	comment: capacity:0 usage:1 overflow:1
	bbox = (1193.7000, 703.8000) - (1200.6000, 710.7000) on Layer -
violation type: Vertical congestion
	srcs: net:RV_TO_DAC\[7\]
	comment: capacity:0 usage:1 overflow:1
	bbox = (1193.7000, 710.7000) - (1200.6000, 717.6000) on Layer -
violation type: Vertical congestion
	srcs: net:RV_TO_DAC\[7\]
	comment: capacity:0 usage:1 overflow:1
	bbox = (1193.7000, 717.6000) - (1200.6000, 724.5000) on Layer -
violation type: Vertical congestion
	srcs: net:RV_TO_DAC\[7\]
	comment: capacity:0 usage:1 overflow:1
	bbox = (1193.7000, 724.5000) - (1200.6000, 731.4000) on Layer -
violation type: Vertical congestion
	srcs: net:RV_TO_DAC\[7\]
	comment: capacity:0 usage:1 overflow:1
	bbox = (1193.7000, 731.4000) - (1200.6000, 738.3000) on Layer -
violation type: Vertical congestion
	srcs: net:RV_TO_DAC\[7\]
	comment: capacity:0 usage:1 overflow:1
	bbox = (1193.7000, 738.3000) - (1200.6000, 745.2000) on Layer -
violation type: Vertical congestion
	srcs: net:RV_TO_DAC\[7\]
	comment: capacity:0 usage:1 overflow:1
	bbox = (1193.7000, 745.2000) - (1200.6000, 752.1000) on Layer -
violation type: Vertical congestion
	srcs: net:RV_TO_DAC\[7\]
	comment: capacity:0 usage:1 overflow:1
	bbox = (1193.7000, 752.1000) - (1200.6000, 759.0000) on Layer -
violation type: Vertical congestion
	srcs: net:RV_TO_DAC\[7\]
	comment: capacity:0 usage:1 overflow:1
	bbox = (1193.7000, 759.0000) - (1200.6000, 765.9000) on Layer -
violation type: Vertical congestion
	srcs: net:RV_TO_DAC\[7\]
	comment: capacity:0 usage:1 overflow:1
	bbox = (1193.7000, 765.9000) - (1200.6000, 772.8000) on Layer -
violation type: Vertical congestion
	srcs: net:RV_TO_DAC\[7\]
	comment: capacity:0 usage:1 overflow:1
	bbox = (1193.7000, 772.8000) - (1200.6000, 779.7000) on Layer -
violation type: Vertical congestion
	srcs: net:RV_TO_DAC\[7\]
	comment: capacity:0 usage:1 overflow:1
	bbox = (1193.7000, 779.7000) - (1200.6000, 786.6000) on Layer -
violation type: Vertical congestion
	srcs: net:RV_TO_DAC\[7\]
	comment: capacity:0 usage:1 overflow:1
	bbox = (1193.7000, 786.6000) - (1200.6000, 793.5000) on Layer -
violation type: Vertical congestion
	srcs: net:RV_TO_DAC\[7\]
	comment: capacity:0 usage:1 overflow:1
	bbox = (1193.7000, 793.5000) - (1200.6000, 800.4000) on Layer -
violation type: Vertical congestion
	srcs: net:RV_TO_DAC\[7\]
	comment: capacity:0 usage:1 overflow:1
	bbox = (1193.7000, 800.4000) - (1200.6000, 807.3000) on Layer -
violation type: Vertical congestion
	srcs: net:RV_TO_DAC\[7\]
	comment: capacity:0 usage:1 overflow:1
	bbox = (1193.7000, 807.3000) - (1200.6000, 814.2000) on Layer -
violation type: Vertical congestion
	srcs: net:RV_TO_DAC\[7\]
	comment: capacity:0 usage:1 overflow:1
	bbox = (1193.7000, 814.2000) - (1200.6000, 821.1000) on Layer -
violation type: Vertical congestion
	srcs: net:RV_TO_DAC\[7\]
	comment: capacity:0 usage:1 overflow:1
	bbox = (1193.7000, 821.1000) - (1200.6000, 828.0000) on Layer -
violation type: Vertical congestion
	srcs: net:RV_TO_DAC\[7\]
	comment: capacity:0 usage:1 overflow:1
	bbox = (1193.7000, 828.0000) - (1200.6000, 834.9000) on Layer -
violation type: Vertical congestion
	srcs: net:RV_TO_DAC\[7\]
	comment: capacity:0 usage:1 overflow:1
	bbox = (1193.7000, 834.9000) - (1200.6000, 841.8000) on Layer -
violation type: Vertical congestion
	srcs: net:RV_TO_DAC\[7\]
	comment: capacity:0 usage:1 overflow:1
	bbox = (1193.7000, 841.8000) - (1200.6000, 848.7000) on Layer -
violation type: Vertical congestion
	srcs: net:RV_TO_DAC\[7\]
	comment: capacity:0 usage:1 overflow:1
	bbox = (1193.7000, 848.7000) - (1200.6000, 855.6000) on Layer -
violation type: Vertical congestion
	srcs: net:RV_TO_DAC\[7\]
	comment: capacity:0 usage:1 overflow:1
	bbox = (1193.7000, 855.6000) - (1200.6000, 862.5000) on Layer -
violation type: Vertical congestion
	srcs: net:RV_TO_DAC\[7\]
	comment: capacity:0 usage:1 overflow:1
	bbox = (1193.7000, 862.5000) - (1200.6000, 869.4000) on Layer -
violation type: Vertical congestion
	srcs: net:RV_TO_DAC\[7\]
	comment: capacity:0 usage:1 overflow:1
	bbox = (1193.7000, 869.4000) - (1200.6000, 876.3000) on Layer -
violation type: Vertical congestion
	srcs: net:RV_TO_DAC\[7\]
	comment: capacity:0 usage:1 overflow:1
	bbox = (1193.7000, 876.3000) - (1200.6000, 883.2000) on Layer -
violation type: Vertical congestion
	srcs: net:RV_TO_DAC\[7\]
	comment: capacity:0 usage:1 overflow:1
	bbox = (1193.7000, 883.2000) - (1200.6000, 890.1000) on Layer -
violation type: Vertical congestion
	srcs: net:RV_TO_DAC\[7\]
	comment: capacity:0 usage:1 overflow:1
	bbox = (1193.7000, 890.1000) - (1200.6000, 897.0000) on Layer -
violation type: Vertical congestion
	srcs: net:RV_TO_DAC\[7\]
	comment: capacity:0 usage:1 overflow:1
	bbox = (1193.7000, 897.0000) - (1200.6000, 903.9000) on Layer -
violation type: Vertical congestion
	srcs: net:RV_TO_DAC\[7\]
	comment: capacity:0 usage:1 overflow:1
	bbox = (1193.7000, 903.9000) - (1200.6000, 910.8000) on Layer -
violation type: Vertical congestion
	srcs: net:RV_TO_DAC\[7\]
	comment: capacity:0 usage:1 overflow:1
	bbox = (1193.7000, 910.8000) - (1200.6000, 917.7000) on Layer -
violation type: Vertical congestion
	srcs: net:RV_TO_DAC\[7\]
	comment: capacity:0 usage:1 overflow:1
	bbox = (1193.7000, 917.7000) - (1200.6000, 924.6000) on Layer -
violation type: Vertical congestion
	srcs: net:RV_TO_DAC\[7\]
	comment: capacity:0 usage:1 overflow:1
	bbox = (1193.7000, 924.6000) - (1200.6000, 931.5000) on Layer -
violation type: Vertical congestion
	srcs: net:RV_TO_DAC\[7\]
	comment: capacity:0 usage:1 overflow:1
	bbox = (1193.7000, 931.5000) - (1200.6000, 938.4000) on Layer -
violation type: Vertical congestion
	srcs: net:RV_TO_DAC\[7\]
	comment: capacity:0 usage:1 overflow:1
	bbox = (1193.7000, 938.4000) - (1200.6000, 945.3000) on Layer -
violation type: Vertical congestion
	srcs: net:RV_TO_DAC\[7\]
	comment: capacity:0 usage:1 overflow:1
	bbox = (1193.7000, 945.3000) - (1200.6000, 952.2000) on Layer -
violation type: Vertical congestion
	srcs: net:RV_TO_DAC\[7\]
	comment: capacity:0 usage:1 overflow:1
	bbox = (1193.7000, 952.2000) - (1200.6000, 959.1000) on Layer -
violation type: Vertical congestion
	srcs: net:RV_TO_DAC\[7\]
	comment: capacity:0 usage:1 overflow:1
	bbox = (1193.7000, 959.1000) - (1200.6000, 966.0000) on Layer -
violation type: Vertical congestion
	srcs: net:RV_TO_DAC\[7\]
	comment: capacity:0 usage:1 overflow:1
	bbox = (1193.7000, 966.0000) - (1200.6000, 972.9000) on Layer -
violation type: Vertical congestion
	srcs: net:RV_TO_DAC\[7\]
	comment: capacity:0 usage:1 overflow:1
	bbox = (1193.7000, 972.9000) - (1200.6000, 979.8000) on Layer -
violation type: Vertical congestion
	srcs: net:RV_TO_DAC\[7\]
	comment: capacity:0 usage:1 overflow:1
	bbox = (1193.7000, 979.8000) - (1200.6000, 986.7000) on Layer -
violation type: Vertical congestion
	srcs: net:RV_TO_DAC\[6\]
	comment: capacity:0 usage:1 overflow:1
	bbox = (1200.6000, 117.3000) - (1207.5000, 124.2000) on Layer -
violation type: Vertical congestion
	srcs: net:RV_TO_DAC\[6\]
	comment: capacity:0 usage:1 overflow:1
	bbox = (1200.6000, 124.2000) - (1207.5000, 131.1000) on Layer -
violation type: Vertical congestion
	srcs: net:RV_TO_DAC\[6\]
	comment: capacity:0 usage:1 overflow:1
	bbox = (1200.6000, 131.1000) - (1207.5000, 138.0000) on Layer -
violation type: Vertical congestion
	srcs: net:RV_TO_DAC\[6\]
	comment: capacity:0 usage:1 overflow:1
	bbox = (1200.6000, 138.0000) - (1207.5000, 144.9000) on Layer -
violation type: Vertical congestion
	srcs: net:RV_TO_DAC\[6\]
	comment: capacity:0 usage:1 overflow:1
	bbox = (1200.6000, 144.9000) - (1207.5000, 151.8000) on Layer -
violation type: Vertical congestion
	srcs: net:RV_TO_DAC\[6\]
	comment: capacity:0 usage:1 overflow:1
	bbox = (1200.6000, 151.8000) - (1207.5000, 158.7000) on Layer -
violation type: Vertical congestion
	srcs: net:RV_TO_DAC\[6\]
	comment: capacity:0 usage:1 overflow:1
	bbox = (1200.6000, 158.7000) - (1207.5000, 165.6000) on Layer -
violation type: Vertical congestion
	srcs: net:RV_TO_DAC\[6\]
	comment: capacity:0 usage:1 overflow:1
	bbox = (1200.6000, 165.6000) - (1207.5000, 172.5000) on Layer -
violation type: Vertical congestion
	srcs: net:RV_TO_DAC\[6\]
	comment: capacity:0 usage:1 overflow:1
	bbox = (1200.6000, 172.5000) - (1207.5000, 179.4000) on Layer -
violation type: Vertical congestion
	srcs: net:RV_TO_DAC\[6\]
	comment: capacity:0 usage:1 overflow:1
	bbox = (1200.6000, 179.4000) - (1207.5000, 186.3000) on Layer -
violation type: Vertical congestion
	srcs: net:RV_TO_DAC\[6\]
	comment: capacity:0 usage:1 overflow:1
	bbox = (1200.6000, 186.3000) - (1207.5000, 193.2000) on Layer -
violation type: Vertical congestion
	srcs: net:RV_TO_DAC\[6\]
	comment: capacity:0 usage:1 overflow:1
	bbox = (1200.6000, 193.2000) - (1207.5000, 200.1000) on Layer -
violation type: Vertical congestion
	srcs: net:RV_TO_DAC\[6\]
	comment: capacity:0 usage:1 overflow:1
	bbox = (1200.6000, 200.1000) - (1207.5000, 207.0000) on Layer -
violation type: Vertical congestion
	srcs: net:RV_TO_DAC\[6\]
	comment: capacity:0 usage:1 overflow:1
	bbox = (1200.6000, 207.0000) - (1207.5000, 213.9000) on Layer -
violation type: Vertical congestion
	srcs: net:RV_TO_DAC\[6\]
	comment: capacity:0 usage:1 overflow:1
	bbox = (1200.6000, 213.9000) - (1207.5000, 220.8000) on Layer -
violation type: Vertical congestion
	srcs: net:RV_TO_DAC\[6\]
	comment: capacity:0 usage:1 overflow:1
	bbox = (1200.6000, 220.8000) - (1207.5000, 227.7000) on Layer -
violation type: Vertical congestion
	srcs: net:RV_TO_DAC\[6\]
	comment: capacity:0 usage:1 overflow:1
	bbox = (1200.6000, 227.7000) - (1207.5000, 234.6000) on Layer -
violation type: Vertical congestion
	srcs: net:RV_TO_DAC\[6\]
	comment: capacity:0 usage:1 overflow:1
	bbox = (1200.6000, 234.6000) - (1207.5000, 241.5000) on Layer -
violation type: Vertical congestion
	srcs: net:RV_TO_DAC\[6\]
	comment: capacity:0 usage:1 overflow:1
	bbox = (1200.6000, 241.5000) - (1207.5000, 248.4000) on Layer -
violation type: Vertical congestion
	srcs: net:RV_TO_DAC\[6\]
	comment: capacity:0 usage:1 overflow:1
	bbox = (1200.6000, 248.4000) - (1207.5000, 255.3000) on Layer -
violation type: Vertical congestion
	srcs: net:RV_TO_DAC\[6\]
	comment: capacity:0 usage:1 overflow:1
	bbox = (1200.6000, 255.3000) - (1207.5000, 262.2000) on Layer -
violation type: Vertical congestion
	srcs: net:RV_TO_DAC\[6\]
	comment: capacity:0 usage:1 overflow:1
	bbox = (1200.6000, 262.2000) - (1207.5000, 269.1000) on Layer -
violation type: Vertical congestion
	srcs: net:RV_TO_DAC\[6\]
	comment: capacity:0 usage:1 overflow:1
	bbox = (1200.6000, 269.1000) - (1207.5000, 276.0000) on Layer -
violation type: Vertical congestion
	srcs: net:RV_TO_DAC\[6\]
	comment: capacity:0 usage:1 overflow:1
	bbox = (1200.6000, 276.0000) - (1207.5000, 282.9000) on Layer -
violation type: Vertical congestion
	srcs: net:RV_TO_DAC\[6\]
	comment: capacity:0 usage:1 overflow:1
	bbox = (1200.6000, 282.9000) - (1207.5000, 289.8000) on Layer -
violation type: Vertical congestion
	srcs: net:RV_TO_DAC\[6\]
	comment: capacity:0 usage:1 overflow:1
	bbox = (1200.6000, 289.8000) - (1207.5000, 296.7000) on Layer -
violation type: Vertical congestion
	srcs: net:RV_TO_DAC\[6\]
	comment: capacity:0 usage:1 overflow:1
	bbox = (1200.6000, 296.7000) - (1207.5000, 303.6000) on Layer -
violation type: Vertical congestion
	srcs: net:RV_TO_DAC\[6\]
	comment: capacity:0 usage:1 overflow:1
	bbox = (1200.6000, 303.6000) - (1207.5000, 310.5000) on Layer -
violation type: Vertical congestion
	srcs: net:RV_TO_DAC\[6\]
	comment: capacity:0 usage:1 overflow:1
	bbox = (1200.6000, 310.5000) - (1207.5000, 317.4000) on Layer -
violation type: Vertical congestion
	srcs: net:RV_TO_DAC\[6\]
	comment: capacity:0 usage:1 overflow:1
	bbox = (1200.6000, 317.4000) - (1207.5000, 324.3000) on Layer -
violation type: Vertical congestion
	srcs: net:RV_TO_DAC\[6\]
	comment: capacity:0 usage:1 overflow:1
	bbox = (1200.6000, 324.3000) - (1207.5000, 331.2000) on Layer -
violation type: Vertical congestion
	srcs: net:RV_TO_DAC\[6\]
	comment: capacity:0 usage:1 overflow:1
	bbox = (1200.6000, 331.2000) - (1207.5000, 338.1000) on Layer -
violation type: Vertical congestion
	srcs: net:RV_TO_DAC\[6\]
	comment: capacity:0 usage:1 overflow:1
	bbox = (1200.6000, 338.1000) - (1207.5000, 345.0000) on Layer -
violation type: Vertical congestion
	srcs: net:RV_TO_DAC\[6\]
	comment: capacity:0 usage:1 overflow:1
	bbox = (1200.6000, 345.0000) - (1207.5000, 351.9000) on Layer -
violation type: Vertical congestion
	srcs: net:RV_TO_DAC\[6\]
	comment: capacity:0 usage:1 overflow:1
	bbox = (1200.6000, 351.9000) - (1207.5000, 358.8000) on Layer -
violation type: Vertical congestion
	srcs: net:RV_TO_DAC\[6\]
	comment: capacity:0 usage:1 overflow:1
	bbox = (1200.6000, 358.8000) - (1207.5000, 365.7000) on Layer -
violation type: Vertical congestion
	srcs: net:RV_TO_DAC\[6\]
	comment: capacity:0 usage:1 overflow:1
	bbox = (1200.6000, 365.7000) - (1207.5000, 372.6000) on Layer -
violation type: Vertical congestion
	srcs: net:RV_TO_DAC\[6\]
	comment: capacity:0 usage:1 overflow:1
	bbox = (1200.6000, 372.6000) - (1207.5000, 379.5000) on Layer -
violation type: Vertical congestion
	srcs: net:RV_TO_DAC\[6\]
	comment: capacity:0 usage:1 overflow:1
	bbox = (1200.6000, 379.5000) - (1207.5000, 386.4000) on Layer -
violation type: Vertical congestion
	srcs: net:RV_TO_DAC\[6\]
	comment: capacity:0 usage:1 overflow:1
	bbox = (1200.6000, 386.4000) - (1207.5000, 393.3000) on Layer -
violation type: Vertical congestion
	srcs: net:RV_TO_DAC\[6\]
	comment: capacity:0 usage:1 overflow:1
	bbox = (1200.6000, 393.3000) - (1207.5000, 400.2000) on Layer -
violation type: Vertical congestion
	srcs: net:RV_TO_DAC\[6\]
	comment: capacity:0 usage:1 overflow:1
	bbox = (1200.6000, 400.2000) - (1207.5000, 407.1000) on Layer -
violation type: Vertical congestion
	srcs: net:RV_TO_DAC\[6\]
	comment: capacity:0 usage:1 overflow:1
	bbox = (1200.6000, 407.1000) - (1207.5000, 414.0000) on Layer -
violation type: Vertical congestion
	srcs: net:RV_TO_DAC\[6\]
	comment: capacity:0 usage:1 overflow:1
	bbox = (1200.6000, 414.0000) - (1207.5000, 420.9000) on Layer -
violation type: Vertical congestion
	srcs: net:RV_TO_DAC\[6\]
	comment: capacity:0 usage:1 overflow:1
	bbox = (1200.6000, 420.9000) - (1207.5000, 427.8000) on Layer -
violation type: Vertical congestion
	srcs: net:RV_TO_DAC\[6\]
	comment: capacity:0 usage:1 overflow:1
	bbox = (1200.6000, 427.8000) - (1207.5000, 434.7000) on Layer -
violation type: Vertical congestion
	srcs: net:RV_TO_DAC\[6\]
	comment: capacity:0 usage:1 overflow:1
	bbox = (1200.6000, 434.7000) - (1207.5000, 441.6000) on Layer -
violation type: Vertical congestion
	srcs: net:RV_TO_DAC\[6\]
	comment: capacity:0 usage:1 overflow:1
	bbox = (1200.6000, 441.6000) - (1207.5000, 448.5000) on Layer -
violation type: Vertical congestion
	srcs: net:RV_TO_DAC\[6\]
	comment: capacity:0 usage:1 overflow:1
	bbox = (1200.6000, 448.5000) - (1207.5000, 455.4000) on Layer -
violation type: Vertical congestion
	srcs: net:RV_TO_DAC\[6\]
	comment: capacity:0 usage:1 overflow:1
	bbox = (1200.6000, 455.4000) - (1207.5000, 462.3000) on Layer -
violation type: Vertical congestion
	srcs: net:RV_TO_DAC\[6\]
	comment: capacity:0 usage:1 overflow:1
	bbox = (1200.6000, 462.3000) - (1207.5000, 469.2000) on Layer -
violation type: Vertical congestion
	srcs: net:RV_TO_DAC\[6\]
	comment: capacity:0 usage:1 overflow:1
	bbox = (1200.6000, 469.2000) - (1207.5000, 476.1000) on Layer -
violation type: Vertical congestion
	srcs: net:RV_TO_DAC\[6\]
	comment: capacity:0 usage:1 overflow:1
	bbox = (1200.6000, 476.1000) - (1207.5000, 483.0000) on Layer -
violation type: Vertical congestion
	srcs: net:RV_TO_DAC\[6\]
	comment: capacity:0 usage:1 overflow:1
	bbox = (1200.6000, 483.0000) - (1207.5000, 489.9000) on Layer -
violation type: Vertical congestion
	srcs: net:RV_TO_DAC\[6\]
	comment: capacity:0 usage:1 overflow:1
	bbox = (1200.6000, 489.9000) - (1207.5000, 496.8000) on Layer -
violation type: Vertical congestion
	srcs: net:RV_TO_DAC\[6\]
	comment: capacity:0 usage:1 overflow:1
	bbox = (1200.6000, 496.8000) - (1207.5000, 503.7000) on Layer -
violation type: Vertical congestion
	srcs: net:RV_TO_DAC\[6\]
	comment: capacity:0 usage:1 overflow:1
	bbox = (1200.6000, 503.7000) - (1207.5000, 510.6000) on Layer -
violation type: Vertical congestion
	srcs: net:RV_TO_DAC\[6\]
	comment: capacity:0 usage:1 overflow:1
	bbox = (1200.6000, 510.6000) - (1207.5000, 517.5000) on Layer -
violation type: Vertical congestion
	srcs: net:RV_TO_DAC\[6\]
	comment: capacity:0 usage:1 overflow:1
	bbox = (1200.6000, 517.5000) - (1207.5000, 524.4000) on Layer -
violation type: Vertical congestion
	srcs: net:RV_TO_DAC\[6\]
	comment: capacity:0 usage:1 overflow:1
	bbox = (1200.6000, 524.4000) - (1207.5000, 531.3000) on Layer -
violation type: Vertical congestion
	srcs: net:RV_TO_DAC\[6\]
	comment: capacity:0 usage:1 overflow:1
	bbox = (1200.6000, 531.3000) - (1207.5000, 538.2000) on Layer -
violation type: Vertical congestion
	srcs: net:RV_TO_DAC\[6\]
	comment: capacity:0 usage:1 overflow:1
	bbox = (1200.6000, 538.2000) - (1207.5000, 545.1000) on Layer -
violation type: Vertical congestion
	srcs: net:RV_TO_DAC\[6\]
	comment: capacity:0 usage:1 overflow:1
	bbox = (1200.6000, 545.1000) - (1207.5000, 552.0000) on Layer -
violation type: Vertical congestion
	srcs: net:RV_TO_DAC\[6\]
	comment: capacity:0 usage:1 overflow:1
	bbox = (1200.6000, 552.0000) - (1207.5000, 558.9000) on Layer -
violation type: Vertical congestion
	srcs: net:RV_TO_DAC\[6\]
	comment: capacity:0 usage:1 overflow:1
	bbox = (1200.6000, 558.9000) - (1207.5000, 565.8000) on Layer -
violation type: Vertical congestion
	srcs: net:RV_TO_DAC\[6\]
	comment: capacity:0 usage:1 overflow:1
	bbox = (1200.6000, 565.8000) - (1207.5000, 572.7000) on Layer -
violation type: Vertical congestion
	srcs: net:RV_TO_DAC\[6\]
	comment: capacity:0 usage:1 overflow:1
	bbox = (1200.6000, 572.7000) - (1207.5000, 579.6000) on Layer -
violation type: Vertical congestion
	srcs: net:RV_TO_DAC\[6\]
	comment: capacity:0 usage:1 overflow:1
	bbox = (1200.6000, 579.6000) - (1207.5000, 586.5000) on Layer -
violation type: Vertical congestion
	srcs: net:RV_TO_DAC\[6\]
	comment: capacity:0 usage:1 overflow:1
	bbox = (1200.6000, 586.5000) - (1207.5000, 593.4000) on Layer -
violation type: Vertical congestion
	srcs: net:RV_TO_DAC\[6\]
	comment: capacity:0 usage:1 overflow:1
	bbox = (1200.6000, 593.4000) - (1207.5000, 600.3000) on Layer -
violation type: Vertical congestion
	srcs: net:RV_TO_DAC\[6\]
	comment: capacity:0 usage:1 overflow:1
	bbox = (1200.6000, 600.3000) - (1207.5000, 607.2000) on Layer -
violation type: Vertical congestion
	srcs: net:RV_TO_DAC\[6\]
	comment: capacity:0 usage:1 overflow:1
	bbox = (1200.6000, 607.2000) - (1207.5000, 614.1000) on Layer -
violation type: Vertical congestion
	srcs: net:RV_TO_DAC\[6\]
	comment: capacity:0 usage:1 overflow:1
	bbox = (1200.6000, 614.1000) - (1207.5000, 621.0000) on Layer -
violation type: Vertical congestion
	srcs: net:RV_TO_DAC\[6\]
	comment: capacity:0 usage:1 overflow:1
	bbox = (1200.6000, 621.0000) - (1207.5000, 627.9000) on Layer -
violation type: Vertical congestion
	srcs: net:RV_TO_DAC\[6\]
	comment: capacity:0 usage:1 overflow:1
	bbox = (1200.6000, 627.9000) - (1207.5000, 634.8000) on Layer -
violation type: Vertical congestion
	srcs: net:RV_TO_DAC\[6\]
	comment: capacity:0 usage:1 overflow:1
	bbox = (1200.6000, 634.8000) - (1207.5000, 641.7000) on Layer -
violation type: Vertical congestion
	srcs: net:RV_TO_DAC\[6\]
	comment: capacity:0 usage:1 overflow:1
	bbox = (1200.6000, 641.7000) - (1207.5000, 648.6000) on Layer -
violation type: Vertical congestion
	srcs: net:RV_TO_DAC\[6\]
	comment: capacity:0 usage:1 overflow:1
	bbox = (1200.6000, 648.6000) - (1207.5000, 655.5000) on Layer -
violation type: Vertical congestion
	srcs: net:RV_TO_DAC\[6\]
	comment: capacity:0 usage:1 overflow:1
	bbox = (1200.6000, 655.5000) - (1207.5000, 662.4000) on Layer -
violation type: Vertical congestion
	srcs: net:RV_TO_DAC\[6\]
	comment: capacity:0 usage:1 overflow:1
	bbox = (1200.6000, 662.4000) - (1207.5000, 669.3000) on Layer -
violation type: Vertical congestion
	srcs: net:RV_TO_DAC\[6\]
	comment: capacity:0 usage:1 overflow:1
	bbox = (1200.6000, 669.3000) - (1207.5000, 676.2000) on Layer -
violation type: Vertical congestion
	srcs: net:RV_TO_DAC\[6\]
	comment: capacity:0 usage:1 overflow:1
	bbox = (1200.6000, 676.2000) - (1207.5000, 683.1000) on Layer -
violation type: Vertical congestion
	srcs: net:RV_TO_DAC\[6\]
	comment: capacity:0 usage:1 overflow:1
	bbox = (1200.6000, 683.1000) - (1207.5000, 690.0000) on Layer -
violation type: Vertical congestion
	srcs: net:RV_TO_DAC\[6\]
	comment: capacity:0 usage:1 overflow:1
	bbox = (1200.6000, 690.0000) - (1207.5000, 696.9000) on Layer -
violation type: Vertical congestion
	srcs: net:RV_TO_DAC\[6\]
	comment: capacity:0 usage:1 overflow:1
	bbox = (1200.6000, 696.9000) - (1207.5000, 703.8000) on Layer -
violation type: Vertical congestion
	srcs: net:RV_TO_DAC\[6\]
	comment: capacity:0 usage:1 overflow:1
	bbox = (1200.6000, 703.8000) - (1207.5000, 710.7000) on Layer -
violation type: Vertical congestion
	srcs: net:RV_TO_DAC\[6\]
	comment: capacity:0 usage:1 overflow:1
	bbox = (1200.6000, 710.7000) - (1207.5000, 717.6000) on Layer -
violation type: Vertical congestion
	srcs: net:RV_TO_DAC\[6\]
	comment: capacity:0 usage:1 overflow:1
	bbox = (1200.6000, 717.6000) - (1207.5000, 724.5000) on Layer -
violation type: Vertical congestion
	srcs: net:RV_TO_DAC\[6\]
	comment: capacity:0 usage:1 overflow:1
	bbox = (1200.6000, 724.5000) - (1207.5000, 731.4000) on Layer -
violation type: Vertical congestion
	srcs: net:RV_TO_DAC\[6\]
	comment: capacity:0 usage:1 overflow:1
	bbox = (1200.6000, 731.4000) - (1207.5000, 738.3000) on Layer -
violation type: Vertical congestion
	srcs: net:RV_TO_DAC\[6\]
	comment: capacity:0 usage:1 overflow:1
	bbox = (1200.6000, 738.3000) - (1207.5000, 745.2000) on Layer -
violation type: Vertical congestion
	srcs: net:RV_TO_DAC\[6\]
	comment: capacity:0 usage:1 overflow:1
	bbox = (1200.6000, 745.2000) - (1207.5000, 752.1000) on Layer -
violation type: Vertical congestion
	srcs: net:RV_TO_DAC\[6\]
	comment: capacity:0 usage:1 overflow:1
	bbox = (1200.6000, 752.1000) - (1207.5000, 759.0000) on Layer -
violation type: Vertical congestion
	srcs: net:RV_TO_DAC\[6\]
	comment: capacity:0 usage:1 overflow:1
	bbox = (1200.6000, 759.0000) - (1207.5000, 765.9000) on Layer -
violation type: Vertical congestion
	srcs: net:RV_TO_DAC\[6\]
	comment: capacity:0 usage:1 overflow:1
	bbox = (1200.6000, 765.9000) - (1207.5000, 772.8000) on Layer -
violation type: Vertical congestion
	srcs: net:RV_TO_DAC\[6\]
	comment: capacity:0 usage:1 overflow:1
	bbox = (1200.6000, 772.8000) - (1207.5000, 779.7000) on Layer -
violation type: Vertical congestion
	srcs: net:RV_TO_DAC\[6\]
	comment: capacity:0 usage:1 overflow:1
	bbox = (1200.6000, 779.7000) - (1207.5000, 786.6000) on Layer -
violation type: Vertical congestion
	srcs: net:RV_TO_DAC\[6\]
	comment: capacity:0 usage:1 overflow:1
	bbox = (1200.6000, 786.6000) - (1207.5000, 793.5000) on Layer -
violation type: Vertical congestion
	srcs: net:RV_TO_DAC\[6\]
	comment: capacity:0 usage:1 overflow:1
	bbox = (1200.6000, 793.5000) - (1207.5000, 800.4000) on Layer -
violation type: Vertical congestion
	srcs: net:RV_TO_DAC\[6\]
	comment: capacity:0 usage:1 overflow:1
	bbox = (1200.6000, 800.4000) - (1207.5000, 807.3000) on Layer -
violation type: Vertical congestion
	srcs: net:RV_TO_DAC\[6\]
	comment: capacity:0 usage:1 overflow:1
	bbox = (1200.6000, 807.3000) - (1207.5000, 814.2000) on Layer -
violation type: Vertical congestion
	srcs: net:RV_TO_DAC\[6\]
	comment: capacity:0 usage:1 overflow:1
	bbox = (1200.6000, 814.2000) - (1207.5000, 821.1000) on Layer -
violation type: Vertical congestion
	srcs: net:RV_TO_DAC\[6\]
	comment: capacity:0 usage:1 overflow:1
	bbox = (1200.6000, 821.1000) - (1207.5000, 828.0000) on Layer -
violation type: Vertical congestion
	srcs: net:RV_TO_DAC\[6\]
	comment: capacity:0 usage:1 overflow:1
	bbox = (1200.6000, 828.0000) - (1207.5000, 834.9000) on Layer -
violation type: Vertical congestion
	srcs: net:RV_TO_DAC\[6\]
	comment: capacity:0 usage:1 overflow:1
	bbox = (1200.6000, 834.9000) - (1207.5000, 841.8000) on Layer -
violation type: Vertical congestion
	srcs: net:RV_TO_DAC\[6\]
	comment: capacity:0 usage:1 overflow:1
	bbox = (1200.6000, 841.8000) - (1207.5000, 848.7000) on Layer -
violation type: Vertical congestion
	srcs: net:RV_TO_DAC\[6\]
	comment: capacity:0 usage:1 overflow:1
	bbox = (1200.6000, 848.7000) - (1207.5000, 855.6000) on Layer -
violation type: Vertical congestion
	srcs: net:RV_TO_DAC\[6\]
	comment: capacity:0 usage:1 overflow:1
	bbox = (1200.6000, 855.6000) - (1207.5000, 862.5000) on Layer -
violation type: Vertical congestion
	srcs: net:RV_TO_DAC\[6\]
	comment: capacity:0 usage:1 overflow:1
	bbox = (1200.6000, 862.5000) - (1207.5000, 869.4000) on Layer -
violation type: Vertical congestion
	srcs: net:RV_TO_DAC\[6\]
	comment: capacity:0 usage:1 overflow:1
	bbox = (1200.6000, 869.4000) - (1207.5000, 876.3000) on Layer -
violation type: Vertical congestion
	srcs: net:RV_TO_DAC\[6\]
	comment: capacity:0 usage:1 overflow:1
	bbox = (1200.6000, 876.3000) - (1207.5000, 883.2000) on Layer -
violation type: Vertical congestion
	srcs: net:RV_TO_DAC\[6\]
	comment: capacity:0 usage:1 overflow:1
	bbox = (1200.6000, 883.2000) - (1207.5000, 890.1000) on Layer -
violation type: Vertical congestion
	srcs: net:RV_TO_DAC\[6\]
	comment: capacity:0 usage:1 overflow:1
	bbox = (1200.6000, 890.1000) - (1207.5000, 897.0000) on Layer -
violation type: Vertical congestion
	srcs: net:RV_TO_DAC\[6\]
	comment: capacity:0 usage:1 overflow:1
	bbox = (1200.6000, 897.0000) - (1207.5000, 903.9000) on Layer -
violation type: Vertical congestion
	srcs: net:RV_TO_DAC\[6\]
	comment: capacity:0 usage:1 overflow:1
	bbox = (1200.6000, 903.9000) - (1207.5000, 910.8000) on Layer -
violation type: Vertical congestion
	srcs: net:RV_TO_DAC\[6\]
	comment: capacity:0 usage:1 overflow:1
	bbox = (1200.6000, 910.8000) - (1207.5000, 917.7000) on Layer -
violation type: Vertical congestion
	srcs: net:RV_TO_DAC\[6\]
	comment: capacity:0 usage:1 overflow:1
	bbox = (1200.6000, 917.7000) - (1207.5000, 924.6000) on Layer -
violation type: Vertical congestion
	srcs: net:RV_TO_DAC\[6\]
	comment: capacity:0 usage:1 overflow:1
	bbox = (1200.6000, 924.6000) - (1207.5000, 931.5000) on Layer -
violation type: Vertical congestion
	srcs: net:RV_TO_DAC\[6\]
	comment: capacity:0 usage:1 overflow:1
	bbox = (1200.6000, 931.5000) - (1207.5000, 938.4000) on Layer -
violation type: Vertical congestion
	srcs: net:RV_TO_DAC\[6\]
	comment: capacity:0 usage:1 overflow:1
	bbox = (1200.6000, 938.4000) - (1207.5000, 945.3000) on Layer -
violation type: Vertical congestion
	srcs: net:RV_TO_DAC\[6\]
	comment: capacity:0 usage:1 overflow:1
	bbox = (1200.6000, 945.3000) - (1207.5000, 952.2000) on Layer -
violation type: Vertical congestion
	srcs: net:RV_TO_DAC\[6\]
	comment: capacity:0 usage:1 overflow:1
	bbox = (1200.6000, 952.2000) - (1207.5000, 959.1000) on Layer -
violation type: Vertical congestion
	srcs: net:RV_TO_DAC\[6\]
	comment: capacity:0 usage:1 overflow:1
	bbox = (1200.6000, 959.1000) - (1207.5000, 966.0000) on Layer -
violation type: Vertical congestion
	srcs: net:RV_TO_DAC\[6\]
	comment: capacity:0 usage:1 overflow:1
	bbox = (1200.6000, 966.0000) - (1207.5000, 972.9000) on Layer -
violation type: Vertical congestion
	srcs: net:RV_TO_DAC\[6\]
	comment: capacity:0 usage:1 overflow:1
	bbox = (1200.6000, 972.9000) - (1207.5000, 979.8000) on Layer -
violation type: Vertical congestion
	srcs: net:RV_TO_DAC\[6\]
	comment: capacity:0 usage:1 overflow:1
	bbox = (1200.6000, 979.8000) - (1207.5000, 986.7000) on Layer -
